// Jest Snapshot v1, https://goo.gl/fbAQLP

exports[`component/sidebar/sidebar_channel/SidebarChannel should match snapshot, when render as an empty div because no have a team or a user 1`] = `<div />`;

exports[`component/sidebar/sidebar_channel/SidebarChannel should match snapshot, when render as an empty div because no have a team or a user 2`] = `<div />`;
