// Jest Snapshot v1, https://goo.gl/fbAQLP

exports[`plugins/PostMessageView should match snapshot with no extended post type 1`] = `
<Connect(ShowMore)
  checkOverflow={0}
  maxHeight={600}
  text="this is some text"
>
  <div
    className="post-message__text"
    id={null}
    onClick={[Function]}
  >
    <PostMarkdown
      imageProps={
        Object {
          "onHeightReceived": [Function],
        }
      }
      isRHS={false}
      message="this is some text"
      options={Object {}}
      post={
        Object {
          "message": "this is some text",
          "type": "testtype",
        }
      }
    />
  </div>
  <Connect(Pluggable)
    onHeightChange={[Function]}
    pluggableName="PostMessageAttachment"
  />
</Connect(ShowMore)>
`;
