// Jest Snapshot v1, https://goo.gl/fbAQLP

exports[`components/SystemNotice should match snapshot for regular user, admin notice 1`] = `""`;

exports[`components/SystemNotice should match snapshot for regular user, dismissed notice 1`] = `""`;

exports[`components/SystemNotice should match snapshot for regular user, dont show again notice 1`] = `""`;

exports[`components/SystemNotice should match snapshot for regular user, no notice 1`] = `""`;

exports[`components/SystemNotice should match snapshot for show function returning false 1`] = `""`;
